./y.tab.c
./lex.yy.c
./rng-double.c
./rng.c
./routefunc.cpp
./credit.cpp
./networks/fly.cpp
./networks/flatfly_onchip.cpp
./networks/fattree.cpp
./networks/cmesh.cpp
./networks/anynet.cpp
./networks/tree4.cpp
./networks/network.cpp
./networks/qtree.cpp
./networks/dragonfly.cpp
./networks/kncube.cpp
./stats.cpp
./buffer.cpp
./main.cpp
./flit.cpp
./power/power_module.cpp
./power/switch_monitor.cpp
./power/buffer_monitor.cpp
./packet_reply_info.cpp
./arbiters/prio_arb.cpp
./arbiters/matrix_arb.cpp
./arbiters/roundrobin_arb.cpp
./arbiters/tree_arb.cpp
./arbiters/arbiter.cpp
./outputset.cpp
./misc_utils.cpp
./rng_double_wrapper.cpp
./vc.cpp
./trafficmanager.cpp
./module.cpp
./allocators/selalloc.cpp
./allocators/wavefront.cpp
./allocators/allocator.cpp
./allocators/islip.cpp
./allocators/separable_input_first.cpp
./allocators/separable_output_first.cpp
./allocators/separable.cpp
./allocators/pim.cpp
./allocators/loa.cpp
./allocators/maxsize.cpp
./flitchannel.cpp
./buffer_state.cpp
./config_utils.cpp
./traffic.cpp
./random_utils.cpp
./booksim_config.cpp
./injection.cpp
./routers/iq_router.cpp
./routers/router.cpp
./routers/chaos_router.cpp
./routers/event_router.cpp
./batchtrafficmanager.cpp
./rng_wrapper.cpp
./y.tab.h
./y.tab.c
./lex.yy.c
./rng-double.c
./rng.c
./routefunc.cpp
./credit.cpp
./networks/fly.cpp
./networks/flatfly_onchip.cpp
./networks/fattree.cpp
./networks/cmesh.cpp
./networks/anynet.cpp
./networks/tree4.cpp
./networks/network.cpp
./networks/qtree.cpp
./networks/dragonfly.cpp
./networks/kncube.cpp
./stats.cpp
./buffer.cpp
./main.cpp
./flit.cpp
./power/power_module.cpp
./power/switch_monitor.cpp
./power/buffer_monitor.cpp
./packet_reply_info.cpp
./arbiters/prio_arb.cpp
./arbiters/matrix_arb.cpp
./arbiters/roundrobin_arb.cpp
./arbiters/tree_arb.cpp
./arbiters/arbiter.cpp
./outputset.cpp
./misc_utils.cpp
./rng_double_wrapper.cpp
./vc.cpp
./trafficmanager.cpp
./module.cpp
./allocators/selalloc.cpp
./allocators/wavefront.cpp
./allocators/allocator.cpp
./allocators/islip.cpp
./allocators/separable_input_first.cpp
./allocators/separable_output_first.cpp
./allocators/separable.cpp
./allocators/pim.cpp
./allocators/loa.cpp
./allocators/maxsize.cpp
./flitchannel.cpp
./buffer_state.cpp
./config_utils.cpp
./traffic.cpp
./random_utils.cpp
./booksim_config.cpp
./injection.cpp
./routers/iq_router.cpp
./routers/router.cpp
./routers/chaos_router.cpp
./routers/event_router.cpp
./batchtrafficmanager.cpp
./rng_wrapper.cpp
./y.tab.h
./y.tab.c
./lex.yy.c
./rng-double.c
./rng.c
./routefunc.cpp
./credit.cpp
./networks/fly.cpp
./networks/flatfly_onchip.cpp
./networks/fattree.cpp
./networks/cmesh.cpp
./networks/anynet.cpp
./networks/tree4.cpp
./networks/network.cpp
./networks/qtree.cpp
./networks/dragonfly.cpp
./networks/kncube.cpp
./stats.cpp
./buffer.cpp
./main.cpp
./flit.cpp
./power/power_module.cpp
./power/switch_monitor.cpp
./power/buffer_monitor.cpp
./packet_reply_info.cpp
./arbiters/prio_arb.cpp
./arbiters/matrix_arb.cpp
./arbiters/roundrobin_arb.cpp
./arbiters/tree_arb.cpp
./arbiters/arbiter.cpp
./outputset.cpp
./misc_utils.cpp
./rng_double_wrapper.cpp
./vc.cpp
./trafficmanager.cpp
./module.cpp
./allocators/selalloc.cpp
./allocators/wavefront.cpp
./allocators/allocator.cpp
./allocators/islip.cpp
./allocators/separable_input_first.cpp
./allocators/separable_output_first.cpp
./allocators/separable.cpp
./allocators/pim.cpp
./allocators/loa.cpp
./allocators/maxsize.cpp
./flitchannel.cpp
./buffer_state.cpp
./config_utils.cpp
./traffic.cpp
./random_utils.cpp
./booksim_config.cpp
./injection.cpp
./routers/iq_router.cpp
./routers/router.cpp
./routers/chaos_router.cpp
./routers/event_router.cpp
./batchtrafficmanager.cpp
./rng_wrapper.cpp
./y.tab.h
